node3:1858:1858 [0] NCCL INFO cudaDriverVersion 12050
node3:1858:1858 [0] NCCL INFO NCCL_SOCKET_IFNAME set by environment to vlan1172,vlan1156,vlan1177,vlan1149,vlan1155,vlan1152
node3:1858:1858 [0] NCCL INFO NCCL_SOCKET_IFNAME set to vlan1172,vlan1156,vlan1177,vlan1149,vlan1155,vlan1152
node3:1858:1858 [0] NCCL INFO Bootstrap : Using vlan1177:10.10.2.2<0>
node3:1858:1858 [0] NCCL INFO init.cc:1785 Cuda Host Alloc Size 4 pointer 0x7f7e4f000000
node3:1858:1995 [0] NCCL INFO Plugin Path : /opt/hpcx/nccl_rdma_sharp_plugin/lib/libnccl-net.so
node3:1858:1995 [0] NCCL INFO P2P plugin IBext_v8
node3:1858:1995 [0] NCCL INFO NCCL_SOCKET_IFNAME set by environment to vlan1172,vlan1156,vlan1177,vlan1149,vlan1155,vlan1152
node3:1858:1995 [0] NCCL INFO NCCL_SOCKET_IFNAME set to vlan1172,vlan1156,vlan1177,vlan1149,vlan1155,vlan1152
node3:1858:1995 [0] NCCL INFO NET/IB : No device found.
node3:1858:1995 [0] NCCL INFO NCCL_IB_DISABLE set by environment to 1.
node3:1858:1995 [0] NCCL INFO NCCL_SOCKET_IFNAME set by environment to vlan1172,vlan1156,vlan1177,vlan1149,vlan1155,vlan1152
node3:1858:1995 [0] NCCL INFO NET/Socket : Using [0]vlan1177:10.10.2.2<0> [1]vlan1152:10.10.4.2<0> [2]vlan1155:10.10.6.1<0>
node3:1858:1995 [0] NCCL INFO Using non-device net plugin version 0
node3:1858:1995 [0] NCCL INFO Using network Socket
node3:1858:1995 [0] NCCL INFO ncclCommInitRank comm 0x55b28d73d430 rank 2 nranks 4 cudaDev 0 nvmlDev 0 busId 25000 commId 0xbad87536193ca836 - Init START
node3:1858:1995 [0] NCCL INFO NET/Socket : GPU Direct RDMA Disabled for HCA 0 'vlan1177'
node3:1858:1995 [0] NCCL INFO NET/Socket : GPU Direct RDMA Disabled for HCA 1 'vlan1152'
node3:1858:1995 [0] NCCL INFO NET/Socket : GPU Direct RDMA Disabled for HCA 2 'vlan1155'
node3:1858:1995 [0] NCCL INFO === System : maxBw 24.0 totalBw 24.0 ===
node3:1858:1995 [0] NCCL INFO CPU/0-0 (1/2/-1)
node3:1858:1995 [0] NCCL INFO + PCI[5000.0] - NIC/0-0
node3:1858:1995 [0] NCCL INFO                 + NET[25.0] - NET/0 (0/0/25.000000)
node3:1858:1995 [0] NCCL INFO                 + NET[25.0] - NET/1 (1/0/25.000000)
node3:1858:1995 [0] NCCL INFO                 + NET[25.0] - NET/2 (2/0/25.000000)
node3:1858:1995 [0] NCCL INFO + PCI[24.0] - GPU/0-25000 (2)
node3:1858:1995 [0] NCCL INFO ==========================================
node3:1858:1995 [0] NCCL INFO GPU/25000 :GPU/0-25000 (0/5000.0/LOC) CPU/0-0 (1/24.0/PHB) NET/0-0 (3/24.0/PHB) NET/0-1 (3/24.0/PHB) NET/0-2 (3/24.0/PHB) 
node3:1858:1995 [0] NCCL INFO NET/0 :GPU/0-25000 (3/24.0/PHB) CPU/0-0 (2/25.0/PHB) NET/0-0 (0/5000.0/LOC) NET/0-1 (2/25.0/LOC) NET/0-2 (2/25.0/LOC) 
node3:1858:1995 [0] NCCL INFO NET/1 :GPU/0-25000 (3/24.0/PHB) CPU/0-0 (2/25.0/PHB) NET/0-0 (2/25.0/LOC) NET/0-1 (0/5000.0/LOC) NET/0-2 (2/25.0/LOC) 
node3:1858:1995 [0] NCCL INFO NET/2 :GPU/0-25000 (3/24.0/PHB) CPU/0-0 (2/25.0/PHB) NET/0-0 (2/25.0/LOC) NET/0-1 (2/25.0/LOC) NET/0-2 (0/5000.0/LOC) 
node3:1858:1995 [0] NCCL INFO Setting affinity for GPU 0 to ffff,0000ffff
node3:1858:1995 [0] NCCL INFO Pattern 4, crossNic 0, nChannels 1, bw 24.000000/24.000000, type LOC/PHB, sameChannels 1
node3:1858:1995 [0] NCCL INFO  0 : NET/0 GPU/2 NET/0
node3:1858:1995 [0] NCCL INFO Pattern 3, crossNic 0, nChannels 1, bw 48.000000/24.000000, type LOC/PHB, sameChannels 1
node3:1858:1995 [0] NCCL INFO  0 : NET/0 GPU/2 NET/0
node3:1858:1995 [0] NCCL INFO comm 0x55b28d73d430 rank 2 nRanks 4 nNodes 4 localRanks 1 localRank 0 MNNVL 0
node3:1858:1995 [0] NCCL INFO Tree 0 : 0 -> 2 -> 1/3/-1
node3:1858:1995 [0] NCCL INFO Tree 1 : 1 -> 2 -> -1/-1/-1
node3:1858:1995 [0] NCCL INFO Ring 00 : 1 -> 2 -> 3
node3:1858:1995 [0] NCCL INFO Ring 01 : 1 -> 2 -> 3
node3:1858:1995 [0] NCCL INFO Trees [0] 1/3/-1->2->0 [1] -1/-1/-1->2->1
node3:1858:1995 [0] NCCL INFO P2P Chunksize set to 131072
node3:1858:1995 [0] NCCL INFO UDS: Creating service thread comm 0x55b28d73d430 rank 2
node3:1858:1995 [0] NCCL INFO misc/utils.cc:235 memory stack hunk malloc(65536)
node3:1858:1995 [0] NCCL INFO channel.cc:41 Cuda Alloc Size 2432 pointer 0x7f7e37a00000
node3:1858:1995 [0] NCCL INFO channel.cc:44 Cuda Alloc Size 48 pointer 0x7f7e37c00000
node3:1858:1995 [0] NCCL INFO channel.cc:55 Cuda Alloc Size 16 pointer 0x7f7e37e00000
node3:1858:1995 [0] NCCL INFO channel.cc:41 Cuda Alloc Size 2432 pointer 0x7f7e38c00000
node3:1858:1995 [0] NCCL INFO channel.cc:44 Cuda Alloc Size 48 pointer 0x7f7e38e00000
node3:1858:1995 [0] NCCL INFO channel.cc:55 Cuda Alloc Size 16 pointer 0x7f7e39000000
node3:1858:1996 [0] NCCL INFO Mem Realloc old size 0, new size 8 pointer 0x7f7e24004f20
node3:1858:1996 [0] NCCL INFO Allocated 7340388 bytes of shared memory in /dev/shm/nccl-rYHMkg
node3:1858:1996 [0] NCCL INFO New proxy recv connection 0 from local rank 0, transport 2
node3:1858:1996 [0] NCCL INFO proxyProgressAsync opId=0x7f7e43a1c4e0 op.type=1 op.reqBuff=0x7f7e24004ee0 op.respSize=16 done
node3:1858:1996 [0] NCCL INFO Received and initiated operation=Init res=0
node3:1858:1995 [0] NCCL INFO ncclPollProxyResponse Received new opId=0x7f7e43a1c4e0
node3:1858:1995 [0] NCCL INFO resp.opId=0x7f7e43a1c4e0 matches expected opId=0x7f7e43a1c4e0
node3:1858:1995 [0] NCCL INFO Connected to proxy localRank 0 -> connection 0x7f7e24004f40
node3:1858:1996 [0] NCCL INFO proxyProgressAsync opId=0x7f7e43a1c4e0 op.type=3 op.reqBuff=0x7f7e24008ec0 op.respSize=128 done
node3:1858:1995 [0] NCCL INFO ncclPollProxyResponse Received new opId=0x7f7e43a1c4e0
node3:1858:1996 [0] NCCL INFO Received and initiated operation=Setup res=0
node3:1858:1995 [0] NCCL INFO resp.opId=0x7f7e43a1c4e0 matches expected opId=0x7f7e43a1c4e0
node3:1858:1995 [0] NCCL INFO Channel 00/0 : 1[0] -> 2[0] [receive] via NET/Socket/0
node3:1858:1996 [0] NCCL INFO New proxy recv connection 1 from local rank 0, transport 2
node3:1858:1996 [0] NCCL INFO proxyProgressAsync opId=0x7f7e43a1c4e0 op.type=1 op.reqBuff=0x7f7e2400e360 op.respSize=16 done
node3:1858:1995 [0] NCCL INFO ncclPollProxyResponse Received new opId=0x7f7e43a1c4e0
node3:1858:1996 [0] NCCL INFO Received and initiated operation=Init res=0
node3:1858:1995 [0] NCCL INFO resp.opId=0x7f7e43a1c4e0 matches expected opId=0x7f7e43a1c4e0
node3:1858:1995 [0] NCCL INFO Connected to proxy localRank 0 -> connection 0x7f7e24004fb8
node3:1858:1996 [0] NCCL INFO proxyProgressAsync opId=0x7f7e43a1c4e0 op.type=3 op.reqBuff=0x7f7e2400e3e0 op.respSize=128 done
node3:1858:1995 [0] NCCL INFO ncclPollProxyResponse Received new opId=0x7f7e43a1c4e0
node3:1858:1996 [0] NCCL INFO Received and initiated operation=Setup res=0
node3:1858:1995 [0] NCCL INFO resp.opId=0x7f7e43a1c4e0 matches expected opId=0x7f7e43a1c4e0
node3:1858:1995 [0] NCCL INFO Channel 01/0 : 1[0] -> 2[0] [receive] via NET/Socket/0
node3:1858:1996 [0] NCCL INFO New proxy send connection 2 from local rank 0, transport 2
node3:1858:1996 [0] NCCL INFO proxyProgressAsync opId=0x7f7e43a1c4e0 op.type=1 op.reqBuff=0x7f7e24013880 op.respSize=16 done
node3:1858:1995 [0] NCCL INFO ncclPollProxyResponse Received new opId=0x7f7e43a1c4e0
node3:1858:1996 [0] NCCL INFO Received and initiated operation=Init res=0
node3:1858:1995 [0] NCCL INFO resp.opId=0x7f7e43a1c4e0 matches expected opId=0x7f7e43a1c4e0
node3:1858:1995 [0] NCCL INFO Connected to proxy localRank 0 -> connection 0x7f7e24005030
node3:1858:1996 [0] NCCL INFO proxyProgressAsync opId=0x7f7e43a1c4e0 op.type=3 op.reqBuff=0x7f7e24013900 op.respSize=0 done
node3:1858:1996 [0] NCCL INFO Received and initiated operation=Setup res=0
node3:1858:1995 [0] NCCL INFO ncclPollProxyResponse Received new opId=0x7f7e43a1c4e0
node3:1858:1995 [0] NCCL INFO resp.opId=0x7f7e43a1c4e0 matches expected opId=0x7f7e43a1c4e0
node3:1858:1995 [0] NCCL INFO Channel 00/0 : 2[0] -> 3[0] [send] via NET/Socket/0
node3:1858:1996 [0] NCCL INFO New proxy send connection 3 from local rank 0, transport 2
node3:1858:1996 [0] NCCL INFO proxyProgressAsync opId=0x7f7e43a1c4e0 op.type=1 op.reqBuff=0x7f7e24018c60 op.respSize=16 done
node3:1858:1995 [0] NCCL INFO ncclPollProxyResponse Received new opId=0x7f7e43a1c4e0
node3:1858:1996 [0] NCCL INFO Received and initiated operation=Init res=0
node3:1858:1995 [0] NCCL INFO resp.opId=0x7f7e43a1c4e0 matches expected opId=0x7f7e43a1c4e0
node3:1858:1995 [0] NCCL INFO Connected to proxy localRank 0 -> connection 0x7f7e240050a8
node3:1858:1996 [0] NCCL INFO proxyProgressAsync opId=0x7f7e43a1c4e0 op.type=3 op.reqBuff=0x7f7e24018ce0 op.respSize=0 done
node3:1858:1996 [0] NCCL INFO Received and initiated operation=Setup res=0
node3:1858:1995 [0] NCCL INFO ncclPollProxyResponse Received new opId=0x7f7e43a1c4e0
node3:1858:1995 [0] NCCL INFO resp.opId=0x7f7e43a1c4e0 matches expected opId=0x7f7e43a1c4e0
node3:1858:1995 [0] NCCL INFO Channel 01/0 : 2[0] -> 3[0] [send] via NET/Socket/0
node3:1858:1995 [0] NCCL INFO sendConnect ncclProxyCallAsync opId=0x7f7e43ae0928
node3:1858:1995 [0] NCCL INFO recvConnect ncclProxyCallAsync opId=0x7f7e43ae0438 &recv->proxyConn=0x7f7e43ae0440 connectInfo=0x7f7e43afaa80
node3:1858:1995 [0] NCCL INFO sendConnect ncclProxyCallAsync opId=0x7f7e43af56e8
node3:1858:1995 [0] NCCL INFO recvConnect ncclProxyCallAsync opId=0x7f7e43af51f8 &recv->proxyConn=0x7f7e43af5200 connectInfo=0x7f7e43afab00
node3:1858:1996 [0] NCCL INFO transport/net.cc:745 Cuda Host Alloc Size 9641984 pointer 0x7f7e39200000
node3:1858:1996 [0] NCCL INFO proxyProgressAsync opId=0x7f7e43ae0928 op.type=4 op.reqBuff=0x7f7e2401e000 op.respSize=21040 done
node3:1858:1995 [0] NCCL INFO ncclPollProxyResponse Received new opId=0x7f7e43ae0928
node3:1858:1996 [0] NCCL INFO Received and initiated operation=Connect res=0
node3:1858:1995 [0] NCCL INFO Queuing opId=0x7f7e43ae0928 respBuff=0x7f7e43b25db0 respSize=21040
node3:1858:1995 [0] NCCL INFO ncclPollProxyResponse Dequeued cached opId=0x7f7e43ae0928
node3:1858:1995 [0] NCCL INFO sendConnect ncclPollProxyResponse opId=0x7f7e43ae0928
node3:1858:1996 [0] NCCL INFO transport/net.cc:894 Cuda Host Alloc Size 9641984 pointer 0x7f7e44000000
node3:1858:1996 [0] NCCL INFO proxyProgressAsync opId=0x7f7e43ae0438 op.type=4 op.reqBuff=0x7f7e2401e0d0 op.respSize=21040 done
node3:1858:1995 [0] NCCL INFO ncclPollProxyResponse Received new opId=0x7f7e43ae0438
node3:1858:1995 [0] NCCL INFO Queuing opId=0x7f7e43ae0438 respBuff=0x7f7e43b01dc0 respSize=21040
node3:1858:1996 [0] NCCL INFO Received and initiated operation=Connect res=0
node3:1858:1995 [0] NCCL INFO ncclPollProxyResponse Dequeued cached opId=0x7f7e43ae0438
node3:1858:1995 [0] NCCL INFO recvConnect ncclPollProxyResponse opId=0x7f7e43ae0438
node3:1858:1996 [0] NCCL INFO transport/net.cc:745 Cuda Host Alloc Size 9641984 pointer 0x7f7e44a00000
node3:1858:1996 [0] NCCL INFO proxyProgressAsync opId=0x7f7e43af56e8 op.type=4 op.reqBuff=0x7f7e2401f060 op.respSize=21040 done
node3:1858:1995 [0] NCCL INFO ncclPollProxyResponse Received new opId=0x7f7e43af56e8
node3:1858:1995 [0] NCCL INFO resp.opId=0x7f7e43af56e8 matches expected opId=0x7f7e43af56e8
node3:1858:1996 [0] NCCL INFO Received and initiated operation=Connect res=0
node3:1858:1995 [0] NCCL INFO sendConnect ncclPollProxyResponse opId=0x7f7e43af56e8
node3:1858:1996 [0] NCCL INFO transport/net.cc:894 Cuda Host Alloc Size 9641984 pointer 0x7f7e45400000
node3:1858:1996 [0] NCCL INFO proxyProgressAsync opId=0x7f7e43af51f8 op.type=4 op.reqBuff=0x7f7e2401ffe0 op.respSize=21040 done
node3:1858:1995 [0] NCCL INFO ncclPollProxyResponse Received new opId=0x7f7e43af51f8
node3:1858:1996 [0] NCCL INFO Received and initiated operation=Connect res=0
node3:1858:1995 [0] NCCL INFO resp.opId=0x7f7e43af51f8 matches expected opId=0x7f7e43af51f8
node3:1858:1995 [0] NCCL INFO recvConnect ncclPollProxyResponse opId=0x7f7e43af51f8
node3:1858:1995 [0] NCCL INFO Connected all rings
node3:1858:1996 [0] NCCL INFO New proxy recv connection 4 from local rank 0, transport 2
node3:1858:1996 [0] NCCL INFO proxyProgressAsync opId=0x7f7e43a1c4e0 op.type=1 op.reqBuff=0x7f7e2401ffe0 op.respSize=16 done
node3:1858:1995 [0] NCCL INFO ncclPollProxyResponse Received new opId=0x7f7e43a1c4e0
node3:1858:1996 [0] NCCL INFO Received and initiated operation=Init res=0
node3:1858:1995 [0] NCCL INFO resp.opId=0x7f7e43a1c4e0 matches expected opId=0x7f7e43a1c4e0
node3:1858:1995 [0] NCCL INFO Connected to proxy localRank 0 -> connection 0x7f7e24005120
node3:1858:1996 [0] NCCL INFO proxyProgressAsync opId=0x7f7e43a1c4e0 op.type=3 op.reqBuff=0x7f7e24020f90 op.respSize=128 done
node3:1858:1995 [0] NCCL INFO ncclPollProxyResponse Received new opId=0x7f7e43a1c4e0
node3:1858:1996 [0] NCCL INFO Received and initiated operation=Setup res=0
node3:1858:1995 [0] NCCL INFO resp.opId=0x7f7e43a1c4e0 matches expected opId=0x7f7e43a1c4e0
node3:1858:1995 [0] NCCL INFO Channel 00/0 : 0[0] -> 2[0] [receive] via NET/Socket/0
node3:1858:1996 [0] NCCL INFO New proxy send connection 5 from local rank 0, transport 2
node3:1858:1996 [0] NCCL INFO proxyProgressAsync opId=0x7f7e43a1c4e0 op.type=1 op.reqBuff=0x7f7e24020f70 op.respSize=16 done
node3:1858:1995 [0] NCCL INFO ncclPollProxyResponse Received new opId=0x7f7e43a1c4e0
node3:1858:1996 [0] NCCL INFO Received and initiated operation=Init res=0
node3:1858:1995 [0] NCCL INFO resp.opId=0x7f7e43a1c4e0 matches expected opId=0x7f7e43a1c4e0
node3:1858:1995 [0] NCCL INFO Connected to proxy localRank 0 -> connection 0x7f7e24005198
node3:1858:1996 [0] NCCL INFO proxyProgressAsync opId=0x7f7e43a1c4e0 op.type=3 op.reqBuff=0x7f7e240210e0 op.respSize=0 done
node3:1858:1996 [0] NCCL INFO Received and initiated operation=Setup res=0
node3:1858:1995 [0] NCCL INFO ncclPollProxyResponse Received new opId=0x7f7e43a1c4e0
node3:1858:1995 [0] NCCL INFO resp.opId=0x7f7e43a1c4e0 matches expected opId=0x7f7e43a1c4e0
node3:1858:1995 [0] NCCL INFO Channel 00/0 : 2[0] -> 0[0] [send] via NET/Socket/0
node3:1858:1996 [0] NCCL INFO New proxy recv connection 6 from local rank 0, transport 2
node3:1858:1996 [0] NCCL INFO proxyProgressAsync opId=0x7f7e43a1c4e0 op.type=1 op.reqBuff=0x7f7e2401ffe0 op.respSize=16 done
node3:1858:1995 [0] NCCL INFO ncclPollProxyResponse Received new opId=0x7f7e43a1c4e0
node3:1858:1996 [0] NCCL INFO Received and initiated operation=Init res=0
node3:1858:1995 [0] NCCL INFO resp.opId=0x7f7e43a1c4e0 matches expected opId=0x7f7e43a1c4e0
node3:1858:1995 [0] NCCL INFO Connected to proxy localRank 0 -> connection 0x7f7e24005210
node3:1858:1996 [0] NCCL INFO proxyProgressAsync opId=0x7f7e43a1c4e0 op.type=3 op.reqBuff=0x7f7e24021110 op.respSize=128 done
node3:1858:1995 [0] NCCL INFO ncclPollProxyResponse Received new opId=0x7f7e43a1c4e0
node3:1858:1996 [0] NCCL INFO Received and initiated operation=Setup res=0
node3:1858:1995 [0] NCCL INFO resp.opId=0x7f7e43a1c4e0 matches expected opId=0x7f7e43a1c4e0
node3:1858:1995 [0] NCCL INFO Channel 00/0 : 3[0] -> 2[0] [receive] via NET/Socket/0
node3:1858:1996 [0] NCCL INFO New proxy send connection 7 from local rank 0, transport 2
node3:1858:1996 [0] NCCL INFO proxyProgressAsync opId=0x7f7e43a1c4e0 op.type=1 op.reqBuff=0x7f7e24020f70 op.respSize=16 done
node3:1858:1995 [0] NCCL INFO ncclPollProxyResponse Received new opId=0x7f7e43a1c4e0
node3:1858:1996 [0] NCCL INFO Received and initiated operation=Init res=0
node3:1858:1995 [0] NCCL INFO resp.opId=0x7f7e43a1c4e0 matches expected opId=0x7f7e43a1c4e0
node3:1858:1995 [0] NCCL INFO Connected to proxy localRank 0 -> connection 0x7f7e24005288
node3:1858:1996 [0] NCCL INFO proxyProgressAsync opId=0x7f7e43a1c4e0 op.type=3 op.reqBuff=0x7f7e24021140 op.respSize=0 done
node3:1858:1996 [0] NCCL INFO Received and initiated operation=Setup res=0
node3:1858:1995 [0] NCCL INFO ncclPollProxyResponse Received new opId=0x7f7e43a1c4e0
node3:1858:1995 [0] NCCL INFO resp.opId=0x7f7e43a1c4e0 matches expected opId=0x7f7e43a1c4e0
node3:1858:1995 [0] NCCL INFO Channel 00/0 : 2[0] -> 1[0] [send] via NET/Socket/0
node3:1858:1996 [0] NCCL INFO New proxy send connection 8 from local rank 0, transport 2
node3:1858:1996 [0] NCCL INFO proxyProgressAsync opId=0x7f7e43a1c4e0 op.type=1 op.reqBuff=0x7f7e2401ffe0 op.respSize=16 done
node3:1858:1995 [0] NCCL INFO ncclPollProxyResponse Received new opId=0x7f7e43a1c4e0
node3:1858:1996 [0] NCCL INFO Received and initiated operation=Init res=0
node3:1858:1995 [0] NCCL INFO resp.opId=0x7f7e43a1c4e0 matches expected opId=0x7f7e43a1c4e0
node3:1858:1995 [0] NCCL INFO Connected to proxy localRank 0 -> connection 0x7f7e24005300
node3:1858:1996 [0] NCCL INFO proxyProgressAsync opId=0x7f7e43a1c4e0 op.type=3 op.reqBuff=0x7f7e24021140 op.respSize=0 done
node3:1858:1996 [0] NCCL INFO Received and initiated operation=Setup res=0
node3:1858:1995 [0] NCCL INFO ncclPollProxyResponse Received new opId=0x7f7e43a1c4e0
node3:1858:1995 [0] NCCL INFO resp.opId=0x7f7e43a1c4e0 matches expected opId=0x7f7e43a1c4e0
node3:1858:1995 [0] NCCL INFO Channel 01/0 : 2[0] -> 1[0] [send] via NET/Socket/0
node3:1858:1995 [0] NCCL INFO sendConnect ncclProxyCallAsync opId=0x7f7e43adff50
node3:1858:1995 [0] NCCL INFO recvConnect ncclProxyCallAsync opId=0x7f7e43ae00f0 &recv->proxyConn=0x7f7e43ae00f8 connectInfo=0x7f7e43b0c2c0
node3:1858:1995 [0] NCCL INFO sendConnect ncclProxyCallAsync opId=0x7f7e43ae0298
node3:1858:1995 [0] NCCL INFO recvConnect ncclProxyCallAsync opId=0x7f7e43ae0ac8 &recv->proxyConn=0x7f7e43ae0ad0 connectInfo=0x7f7e43b0e250
node3:1858:1995 [0] NCCL INFO sendConnect ncclProxyCallAsync opId=0x7f7e43af5058
node3:1858:1996 [0] NCCL INFO transport/net.cc:745 Cuda Host Alloc Size 9641984 pointer 0x7f7e45e00000
node3:1858:1996 [0] NCCL INFO proxyProgressAsync opId=0x7f7e43adff50 op.type=4 op.reqBuff=0x7f7e24021260 op.respSize=21040 done
node3:1858:1995 [0] NCCL INFO ncclPollProxyResponse Received new opId=0x7f7e43adff50
node3:1858:1996 [0] NCCL INFO Received and initiated operation=Connect res=0
node3:1858:1995 [0] NCCL INFO Queuing opId=0x7f7e43adff50 respBuff=0x7f7e43b49d70 respSize=21040
node3:1858:1995 [0] NCCL INFO ncclPollProxyResponse Dequeued cached opId=0x7f7e43adff50
node3:1858:1995 [0] NCCL INFO sendConnect ncclPollProxyResponse opId=0x7f7e43adff50
node3:1858:1996 [0] NCCL INFO transport/net.cc:894 Cuda Host Alloc Size 9641984 pointer 0x7f7e46800000
node3:1858:1996 [0] NCCL INFO proxyProgressAsync opId=0x7f7e43ae00f0 op.type=4 op.reqBuff=0x7f7e240212a0 op.respSize=21040 done
node3:1858:1995 [0] NCCL INFO ncclPollProxyResponse Received new opId=0x7f7e43ae00f0
node3:1858:1996 [0] NCCL INFO Received and initiated operation=Connect res=0
node3:1858:1995 [0] NCCL INFO Queuing opId=0x7f7e43ae00f0 respBuff=0x7f7e43b01dc0 respSize=21040
node3:1858:1995 [0] NCCL INFO ncclPollProxyResponse Dequeued cached opId=0x7f7e43ae00f0
node3:1858:1995 [0] NCCL INFO recvConnect ncclPollProxyResponse opId=0x7f7e43ae00f0
node3:1858:1996 [0] NCCL INFO transport/net.cc:745 Cuda Host Alloc Size 9641984 pointer 0x7f7e47200000
node3:1858:1996 [0] NCCL INFO proxyProgressAsync opId=0x7f7e43ae0298 op.type=4 op.reqBuff=0x7f7e24022fd0 op.respSize=21040 done
node3:1858:1995 [0] NCCL INFO ncclPollProxyResponse Received new opId=0x7f7e43ae0298
node3:1858:1996 [0] NCCL INFO Received and initiated operation=Connect res=0
node3:1858:1995 [0] NCCL INFO Queuing opId=0x7f7e43ae0298 respBuff=0x7f7e43b01dc0 respSize=21040
node3:1858:1995 [0] NCCL INFO ncclPollProxyResponse Dequeued cached opId=0x7f7e43ae0298
node3:1858:1995 [0] NCCL INFO sendConnect ncclPollProxyResponse opId=0x7f7e43ae0298
node3:1858:1996 [0] NCCL INFO transport/net.cc:894 Cuda Host Alloc Size 9641984 pointer 0x7f7e47c00000
node3:1858:1996 [0] NCCL INFO proxyProgressAsync opId=0x7f7e43ae0ac8 op.type=4 op.reqBuff=0x7f7e24023010 op.respSize=21040 done
node3:1858:1996 [0] NCCL INFO Received and initiated operation=Connect res=0
node3:1858:1995 [0] NCCL INFO ncclPollProxyResponse Received new opId=0x7f7e43ae0ac8
node3:1858:1995 [0] NCCL INFO resp.opId=0x7f7e43ae0ac8 matches expected opId=0x7f7e43ae0ac8
node3:1858:1995 [0] NCCL INFO recvConnect ncclPollProxyResponse opId=0x7f7e43ae0ac8
node3:1858:1996 [0] NCCL INFO transport/net.cc:745 Cuda Host Alloc Size 9641984 pointer 0x7f7e48600000
node3:1858:1996 [0] NCCL INFO proxyProgressAsync opId=0x7f7e43af5058 op.type=4 op.reqBuff=0x7f7e2402a6a0 op.respSize=21040 done
node3:1858:1995 [0] NCCL INFO ncclPollProxyResponse Received new opId=0x7f7e43af5058
node3:1858:1995 [0] NCCL INFO resp.opId=0x7f7e43af5058 matches expected opId=0x7f7e43af5058
node3:1858:1995 [0] NCCL INFO sendConnect ncclPollProxyResponse opId=0x7f7e43af5058
node3:1858:1996 [0] NCCL INFO Received and initiated operation=Connect res=0
node3:1858:1995 [0] NCCL INFO Connected all trees
node3:1858:1995 [0] NCCL INFO threadThresholds 8/8/64 | 32/8/64 | 512 | 512
node3:1858:1995 [0] NCCL INFO 2 coll channels, 2 collnet channels, 0 nvls channels, 2 p2p channels, 2 p2p channels per peer
node3:1858:1996 [0] NCCL INFO New proxy send connection 9 from local rank 0, transport 2
node3:1858:1996 [0] NCCL INFO proxyProgressAsync opId=0x7f7e43a1c4e0 op.type=1 op.reqBuff=0x7f7e2402a6e0 op.respSize=16 done
node3:1858:1995 [0] NCCL INFO ncclPollProxyResponse Received new opId=0x7f7e43a1c4e0
node3:1858:1996 [0] NCCL INFO Received and initiated operation=Init res=0
node3:1858:1995 [0] NCCL INFO resp.opId=0x7f7e43a1c4e0 matches expected opId=0x7f7e43a1c4e0
node3:1858:1995 [0] NCCL INFO Connected to proxy localRank 0 -> connection 0x7f7e24005378
node3:1858:1996 [0] NCCL INFO Allocated shareable buffer 0x7f7e39c00000 size 4194304 ipcDesc 0x7f7e2402b5f8
node3:1858:1996 [0] NCCL INFO proxyProgressAsync opId=0x7f7e43a1c4e0 op.type=2 op.reqBuff=0x7f7e2402a6e0 op.respSize=0 done
node3:1858:1996 [0] NCCL INFO Received and initiated operation=SharedInit res=0
node3:1858:1995 [0] NCCL INFO ncclPollProxyResponse Received new opId=0x7f7e43a1c4e0
node3:1858:1995 [0] NCCL INFO resp.opId=0x7f7e43a1c4e0 matches expected opId=0x7f7e43a1c4e0
node3:1858:1995 [0] NCCL INFO init.cc:402 Cuda Alloc Size 11856 pointer 0x7f7e49000000
node3:1858:1995 [0] NCCL INFO init.cc:430 Cuda Host Alloc Size 33554432 pointer 0x7f7e49200000
node3:1858:1995 [0] NCCL INFO init.cc:436 Cuda Host Alloc Size 128 pointer 0x7f7e4f000200
node3:1858:1995 [0] NCCL INFO TUNER/Plugin: Failed to find ncclTunerPlugin_v2, using internal tuner instead.
node3:1858:1995 [0] NCCL INFO ncclCommInitRank comm 0x55b28d73d430 rank 2 nranks 4 cudaDev 0 nvmlDev 0 busId 25000 commId 0xbad87536193ca836 - Init COMPLETE
node3:1858:1858 [0] NCCL INFO Rank 2 has color with NCCL_SPLIT_NOCOLOR, not creating a new communicator
node3:1858:1858 [0] NCCL INFO Rank 2 has color with NCCL_SPLIT_NOCOLOR, not creating a new communicator
node3:1858:1858 [0] NCCL INFO Rank 2 has color with NCCL_SPLIT_NOCOLOR, not creating a new communicator
node3:1858:1858 [0] NCCL INFO Rank 2 has color with NCCL_SPLIT_NOCOLOR, not creating a new communicator
node3:1858:1858 [0] NCCL INFO Rank 2 has color with NCCL_SPLIT_NOCOLOR, not creating a new communicator
node3:1858:1858 [0] NCCL INFO Rank 2 has color with NCCL_SPLIT_NOCOLOR, not creating a new communicator
node3:1858:1858 [0] NCCL INFO Rank 2 has color with NCCL_SPLIT_NOCOLOR, not creating a new communicator
node3:1858:1858 [0] NCCL INFO Rank 2 has color with NCCL_SPLIT_NOCOLOR, not creating a new communicator
node3:1858:1858 [0] NCCL INFO Rank 2 has color with NCCL_SPLIT_NOCOLOR, not creating a new communicator
node3:1858:1858 [0] NCCL INFO Rank 2 has color with NCCL_SPLIT_NOCOLOR, not creating a new communicator
node3:1858:1858 [0] NCCL INFO Rank 2 has color with NCCL_SPLIT_NOCOLOR, not creating a new communicator
node3:1858:1858 [0] NCCL INFO Rank 2 has color with NCCL_SPLIT_NOCOLOR, not creating a new communicator
node3:1858:1858 [0] NCCL INFO Rank 2 has color with NCCL_SPLIT_NOCOLOR, not creating a new communicator
node3:1858:1858 [0] NCCL INFO Rank 2 has color with NCCL_SPLIT_NOCOLOR, not creating a new communicator
node3:1858:1858 [0] NCCL INFO Rank 2 has color with NCCL_SPLIT_NOCOLOR, not creating a new communicator
node3:1858:1858 [0] NCCL INFO Rank 2 has color with NCCL_SPLIT_NOCOLOR, not creating a new communicator
node3:1858:1858 [0] NCCL INFO Rank 2 has color with NCCL_SPLIT_NOCOLOR, not creating a new communicator
node3:1858:1858 [0] NCCL INFO Rank 2 has color with NCCL_SPLIT_NOCOLOR, not creating a new communicator
node3:1858:1858 [0] NCCL INFO Rank 2 has color with NCCL_SPLIT_NOCOLOR, not creating a new communicator
node3:1858:1858 [0] NCCL INFO Rank 2 has color with NCCL_SPLIT_NOCOLOR, not creating a new communicator
node3:1858:1858 [0] NCCL INFO Rank 2 has color with NCCL_SPLIT_NOCOLOR, not creating a new communicator
node3:1858:1858 [0] NCCL INFO Rank 2 has color with NCCL_SPLIT_NOCOLOR, not creating a new communicator
node3:1858:1858 [0] NCCL INFO Rank 2 has color with NCCL_SPLIT_NOCOLOR, not creating a new communicator
node3:1858:1858 [0] NCCL INFO Rank 2 has color with NCCL_SPLIT_NOCOLOR, not creating a new communicator
node3:1858:1858 [0] NCCL INFO Rank 2 has color with NCCL_SPLIT_NOCOLOR, not creating a new communicator
node3:1858:1858 [0] NCCL INFO Rank 2 has color with NCCL_SPLIT_NOCOLOR, not creating a new communicator
node3:1858:1858 [0] NCCL INFO Rank 2 has color with NCCL_SPLIT_NOCOLOR, not creating a new communicator
node3:1858:1858 [0] NCCL INFO Rank 2 has color with NCCL_SPLIT_NOCOLOR, not creating a new communicator
node3:1858:1858 [0] NCCL INFO Rank 2 has color with NCCL_SPLIT_NOCOLOR, not creating a new communicator
node3:1858:1858 [0] NCCL INFO Rank 2 has color with NCCL_SPLIT_NOCOLOR, not creating a new communicator
node3:1858:1858 [0] NCCL INFO Rank 2 has color with NCCL_SPLIT_NOCOLOR, not creating a new communicator
node3:1858:1858 [0] NCCL INFO Rank 2 has color with NCCL_SPLIT_NOCOLOR, not creating a new communicator
node3:1858:1858 [0] NCCL INFO Rank 2 has color with NCCL_SPLIT_NOCOLOR, not creating a new communicator
node3:1858:1858 [0] NCCL INFO AllReduce: opCount 0 sendbuff 0x7f7e4b200200 recvbuff 0x7f7e4b200200 count 1 datatype 1 op 0 root 0 comm 0x55b28d73d430 [nranks=4] stream 0x55b28d7426b0
node3:1858:1858 [0] NCCL INFO misc/utils.cc:235 memory stack hunk malloc(65536)
node3:1858:1858 [0] NCCL INFO AllReduce: opCount 1 sendbuff 0x7f7e4b200000 recvbuff 0x7f7e4b200000 count 1 datatype 1 op 0 root 0 comm 0x55b28d73d430 [nranks=4] stream 0x55b28d7426b0
node3:1858:1858 [0] NCCL INFO AllReduce: opCount 2 sendbuff 0x7f7e4b200000 recvbuff 0x7f7e4b200000 count 1 datatype 8 op 3 root 0 comm 0x55b28d73d430 [nranks=4] stream 0x55b28d7426b0
node3:1858:1858 [0] NCCL INFO AllReduce: opCount 3 sendbuff 0x7f7e4b200200 recvbuff 0x7f7e4b200200 count 1 datatype 1 op 0 root 0 comm 0x55b28d73d430 [nranks=4] stream 0x55b28d7426b0
node3:1858:1858 [0] NCCL INFO AllReduce: opCount 4 sendbuff 0x7f7e4b200400 recvbuff 0x7f7e4b200400 count 1 datatype 1 op 0 root 0 comm 0x55b28d73d430 [nranks=4] stream 0x55b28d7426b0
 > number of parameters on (tensor, pipeline) model parallel rank (2, 0): 16498176
node3:1858:1858 [0] NCCL INFO AllReduce: opCount 5 sendbuff 0x7f7e4b200200 recvbuff 0x7f7e4b200200 count 1 datatype 1 op 0 root 0 comm 0x55b28d73d430 [nranks=4] stream 0x55b28d7426b0
node3:1858:1858 [0] NCCL INFO AllReduce: opCount 6 sendbuff 0x7f7e4b3f9a00 recvbuff 0x7f7e4b3f9a00 count 1 datatype 1 op 0 root 0 comm 0x55b28d73d430 [nranks=4] stream 0x55b28d7426b0
node3:1858:1858 [0] NCCL INFO AllReduce: opCount 7 sendbuff 0x7f7e4b200200 recvbuff 0x7f7e4b200200 count 1 datatype 1 op 0 root 0 comm 0x55b28d73d430 [nranks=4] stream 0x55b28d7426b0
node3:1858:1858 [0] NCCL INFO AllReduce: opCount 8 sendbuff 0x7f7e4b3f9a00 recvbuff 0x7f7e4b3f9a00 count 1 datatype 1 op 0 root 0 comm 0x55b28d73d430 [nranks=4] stream 0x55b28d7426b0
node3:1858:1858 [0] NCCL INFO AllReduce: opCount 9 sendbuff 0x7f7e4b200200 recvbuff 0x7f7e4b200200 count 1 datatype 1 op 0 root 0 comm 0x55b28d73d430 [nranks=4] stream 0x55b28d7426b0
node3:1858:1858 [0] NCCL INFO Broadcast: opCount a sendbuff 0x7f7e4b200200 recvbuff 0x7f7e4b200200 count 24 datatype 0 op 0 root 0 comm 0x55b28d73d430 [nranks=4] stream 0x55b28d7426b0
node3:1858:1858 [0] NCCL INFO AllReduce: opCount b sendbuff 0x7f7e4b3f9a00 recvbuff 0x7f7e4b3f9a00 count 1 datatype 1 op 0 root 0 comm 0x55b28d73d430 [nranks=4] stream 0x55b28d7426b0
node3:1858:1858 [0] NCCL INFO AllReduce: opCount c sendbuff 0x7f7e4b200200 recvbuff 0x7f7e4b200200 count 1 datatype 1 op 0 root 0 comm 0x55b28d73d430 [nranks=4] stream 0x55b28d7426b0
node3:1858:1858 [0] NCCL INFO AllGather: opCount d sendbuff 0x7f7e4b200210 recvbuff 0x7f7e4b200200 count 8 datatype 0 op 0 root 0 comm 0x55b28d73d430 [nranks=4] stream 0x55b28d7426b0
node3:1858:1858 [0] NCCL INFO AllReduce: opCount e sendbuff 0x7f7e4b3f9a00 recvbuff 0x7f7e4b3f9a00 count 1 datatype 1 op 0 root 0 comm 0x55b28d73d430 [nranks=4] stream 0x55b28d7426b0
node3:1858:1858 [0] NCCL INFO AllReduce: opCount f sendbuff 0x7f7e4b200200 recvbuff 0x7f7e4b200200 count 1 datatype 1 op 0 root 0 comm 0x55b28d73d430 [nranks=4] stream 0x55b28d7426b0
node3:1858:1858 [0] NCCL INFO init.cc:2215 Cuda Host Alloc Size 4 pointer 0x7f7e4f000600
node3:1858:2082 [0] NCCL INFO Using non-device net plugin version 0
node3:1858:2082 [0] NCCL INFO Using network Socket
node3:1858:2082 [0] NCCL INFO bootstrapSplit: comm 0x55b292044560 parent 0x55b28d73d430 rank 2 nranks 4 color 116666945 key 2 prev 1 next 3 - DONE
node3:1858:2082 [0] NCCL INFO ncclCommSplit comm 0x55b292044560 rank 2 nranks 4 cudaDev 0 nvmlDev 0 busId 25000 parent 0x55b28d73d430 color 116666945 key 2 commId 0xd498cd245808c6dd - Init START
node3:1858:2082 [0] NCCL INFO NET/Socket : GPU Direct RDMA Disabled for HCA 0 'vlan1177'
node3:1858:2082 [0] NCCL INFO NET/Socket : GPU Direct RDMA Disabled for HCA 1 'vlan1152'
node3:1858:2082 [0] NCCL INFO NET/Socket : GPU Direct RDMA Disabled for HCA 2 'vlan1155'
node3:1858:2082 [0] NCCL INFO === System : maxBw 24.0 totalBw 24.0 ===
node3:1858:2082 [0] NCCL INFO CPU/0-0 (1/2/-1)
node3:1858:2082 [0] NCCL INFO + PCI[5000.0] - NIC/0-0
node3:1858:2082 [0] NCCL INFO                 + NET[25.0] - NET/0 (0/0/25.000000)
node3:1858:2082 [0] NCCL INFO                 + NET[25.0] - NET/1 (1/0/25.000000)
node3:1858:2082 [0] NCCL INFO                 + NET[25.0] - NET/2 (2/0/25.000000)
node3:1858:2082 [0] NCCL INFO + PCI[24.0] - GPU/0-25000 (2)
node3:1858:2082 [0] NCCL INFO ==========================================
node3:1858:2082 [0] NCCL INFO GPU/25000 :GPU/0-25000 (0/5000.0/LOC) CPU/0-0 (1/24.0/PHB) NET/0-0 (3/24.0/PHB) NET/0-1 (3/24.0/PHB) NET/0-2 (3/24.0/PHB) 
node3:1858:2082 [0] NCCL INFO NET/0 :GPU/0-25000 (3/24.0/PHB) CPU/0-0 (2/25.0/PHB) NET/0-0 (0/5000.0/LOC) NET/0-1 (2/25.0/LOC) NET/0-2 (2/25.0/LOC) 
node3:1858:2082 [0] NCCL INFO NET/1 :GPU/0-25000 (3/24.0/PHB) CPU/0-0 (2/25.0/PHB) NET/0-0 (2/25.0/LOC) NET/0-1 (0/5000.0/LOC) NET/0-2 (2/25.0/LOC) 
node3:1858:2082 [0] NCCL INFO NET/2 :GPU/0-25000 (3/24.0/PHB) CPU/0-0 (2/25.0/PHB) NET/0-0 (2/25.0/LOC) NET/0-1 (2/25.0/LOC) NET/0-2 (0/5000.0/LOC) 
node3:1858:2082 [0] NCCL INFO Setting affinity for GPU 0 to ffff,0000ffff
node3:1858:2082 [0] NCCL INFO Pattern 4, crossNic 0, nChannels 1, bw 24.000000/24.000000, type LOC/PHB, sameChannels 1
node3:1858:2082 [0] NCCL INFO  0 : NET/0 GPU/2 NET/0
node3:1858:2082 [0] NCCL INFO Pattern 3, crossNic 0, nChannels 1, bw 48.000000/24.000000, type LOC/PHB, sameChannels 1
node3:1858:2082 [0] NCCL INFO  0 : NET/0 GPU/2 NET/0
node3:1858:2082 [0] NCCL INFO comm 0x55b292044560 rank 2 nRanks 4 nNodes 4 localRanks 1 localRank 0 MNNVL 0
node3:1858:2082 [0] NCCL INFO Tree 0 : 0 -> 2 -> 1/3/-1
node3:1858:2082 [0] NCCL INFO Tree 1 : 1 -> 2 -> -1/-1/-1
node3:1858:2082 [0] NCCL INFO Ring 00 : 1 -> 2 -> 3
node3:1858:2082 [0] NCCL INFO Ring 01 : 1 -> 2 -> 3
node3:1858:2082 [0] NCCL INFO Trees [0] 1/3/-1->2->0 [1] -1/-1/-1->2->1
node3:1858:2082 [0] NCCL INFO P2P Chunksize set to 131072
node3:1858:2082 [0] NCCL INFO UDS: Creating service thread comm 0x55b292044560 rank 2
node3:1858:2082 [0] NCCL INFO misc/utils.cc:235 memory stack hunk malloc(65536)
node3:1858:2082 [0] NCCL INFO channel.cc:41 Cuda Alloc Size 2432 pointer 0x7f7e32c00000
node3:1858:2082 [0] NCCL INFO channel.cc:44 Cuda Alloc Size 48 pointer 0x7f7e32e00000
node3:1858:2082 [0] NCCL INFO channel.cc:55 Cuda Alloc Size 16 pointer 0x7f7e33000000
node3:1858:2082 [0] NCCL INFO channel.cc:41 Cuda Alloc Size 2432 pointer 0x7f7e33200000
node3:1858:2082 [0] NCCL INFO channel.cc:44 Cuda Alloc Size 48 pointer 0x7f7e33400000
node3:1858:2082 [0] NCCL INFO channel.cc:55 Cuda Alloc Size 16 pointer 0x7f7e33600000
node3:1858:2083 [0] NCCL INFO Mem Realloc old size 0, new size 8 pointer 0x7f7db8004f20
node3:1858:2083 [0] NCCL INFO Allocated 7340388 bytes of shared memory in /dev/shm/nccl-Cot1QV
node3:1858:2083 [0] NCCL INFO New proxy recv connection 0 from local rank 0, transport 2
node3:1858:2083 [0] NCCL INFO proxyProgressAsync opId=0x7f7dc006fce0 op.type=1 op.reqBuff=0x7f7db8004ee0 op.respSize=16 done
node3:1858:2082 [0] NCCL INFO ncclPollProxyResponse Received new opId=0x7f7dc006fce0
node3:1858:2082 [0] NCCL INFO resp.opId=0x7f7dc006fce0 matches expected opId=0x7f7dc006fce0
node3:1858:2083 [0] NCCL INFO Received and initiated operation=Init res=0
node3:1858:2082 [0] NCCL INFO Connected to proxy localRank 0 -> connection 0x7f7db8004f40
node3:1858:2083 [0] NCCL INFO proxyProgressAsync opId=0x7f7dc006fce0 op.type=3 op.reqBuff=0x7f7db8008ec0 op.respSize=128 done
node3:1858:2082 [0] NCCL INFO ncclPollProxyResponse Received new opId=0x7f7dc006fce0
node3:1858:2083 [0] NCCL INFO Received and initiated operation=Setup res=0
node3:1858:2082 [0] NCCL INFO resp.opId=0x7f7dc006fce0 matches expected opId=0x7f7dc006fce0
node3:1858:2082 [0] NCCL INFO Channel 00/0 : 1[0] -> 2[0] [receive] via NET/Socket/0
node3:1858:2083 [0] NCCL INFO New proxy recv connection 1 from local rank 0, transport 2
node3:1858:2083 [0] NCCL INFO proxyProgressAsync opId=0x7f7dc006fce0 op.type=1 op.reqBuff=0x7f7db800e360 op.respSize=16 done
node3:1858:2082 [0] NCCL INFO ncclPollProxyResponse Received new opId=0x7f7dc006fce0
node3:1858:2083 [0] NCCL INFO Received and initiated operation=Init res=0
node3:1858:2082 [0] NCCL INFO resp.opId=0x7f7dc006fce0 matches expected opId=0x7f7dc006fce0
node3:1858:2082 [0] NCCL INFO Connected to proxy localRank 0 -> connection 0x7f7db8004fb8
node3:1858:2083 [0] NCCL INFO proxyProgressAsync opId=0x7f7dc006fce0 op.type=3 op.reqBuff=0x7f7db800e3e0 op.respSize=128 done
node3:1858:2082 [0] NCCL INFO ncclPollProxyResponse Received new opId=0x7f7dc006fce0
node3:1858:2083 [0] NCCL INFO Received and initiated operation=Setup res=0
node3:1858:2082 [0] NCCL INFO resp.opId=0x7f7dc006fce0 matches expected opId=0x7f7dc006fce0
node3:1858:2082 [0] NCCL INFO Channel 01/0 : 1[0] -> 2[0] [receive] via NET/Socket/0
node3:1858:2083 [0] NCCL INFO New proxy send connection 2 from local rank 0, transport 2
node3:1858:2083 [0] NCCL INFO proxyProgressAsync opId=0x7f7dc006fce0 op.type=1 op.reqBuff=0x7f7db8013880 op.respSize=16 done
node3:1858:2082 [0] NCCL INFO ncclPollProxyResponse Received new opId=0x7f7dc006fce0
node3:1858:2083 [0] NCCL INFO Received and initiated operation=Init res=0
node3:1858:2082 [0] NCCL INFO resp.opId=0x7f7dc006fce0 matches expected opId=0x7f7dc006fce0
node3:1858:2082 [0] NCCL INFO Connected to proxy localRank 0 -> connection 0x7f7db8005030
node3:1858:2083 [0] NCCL INFO proxyProgressAsync opId=0x7f7dc006fce0 op.type=3 op.reqBuff=0x7f7db8013900 op.respSize=0 done
node3:1858:2083 [0] NCCL INFO Received and initiated operation=Setup res=0
node3:1858:2082 [0] NCCL INFO ncclPollProxyResponse Received new opId=0x7f7dc006fce0
node3:1858:2082 [0] NCCL INFO resp.opId=0x7f7dc006fce0 matches expected opId=0x7f7dc006fce0
node3:1858:2082 [0] NCCL INFO Channel 00/0 : 2[0] -> 3[0] [send] via NET/Socket/0
node3:1858:2083 [0] NCCL INFO New proxy send connection 3 from local rank 0, transport 2
node3:1858:2083 [0] NCCL INFO proxyProgressAsync opId=0x7f7dc006fce0 op.type=1 op.reqBuff=0x7f7db8018c60 op.respSize=16 done
node3:1858:2082 [0] NCCL INFO ncclPollProxyResponse Received new opId=0x7f7dc006fce0
node3:1858:2083 [0] NCCL INFO Received and initiated operation=Init res=0
node3:1858:2082 [0] NCCL INFO resp.opId=0x7f7dc006fce0 matches expected opId=0x7f7dc006fce0
node3:1858:2082 [0] NCCL INFO Connected to proxy localRank 0 -> connection 0x7f7db80050a8
node3:1858:2083 [0] NCCL INFO proxyProgressAsync opId=0x7f7dc006fce0 op.type=3 op.reqBuff=0x7f7db8018ce0 op.respSize=0 done
node3:1858:2083 [0] NCCL INFO Received and initiated operation=Setup res=0
node3:1858:2082 [0] NCCL INFO ncclPollProxyResponse Received new opId=0x7f7dc006fce0
node3:1858:2082 [0] NCCL INFO resp.opId=0x7f7dc006fce0 matches expected opId=0x7f7dc006fce0
node3:1858:2082 [0] NCCL INFO Channel 01/0 : 2[0] -> 3[0] [send] via NET/Socket/0
node3:1858:2082 [0] NCCL INFO sendConnect ncclProxyCallAsync opId=0x7f7dc0073588
node3:1858:2082 [0] NCCL INFO recvConnect ncclProxyCallAsync opId=0x7f7dc0073098 &recv->proxyConn=0x7f7dc00730a0 connectInfo=0x7f7dc008da70
node3:1858:2082 [0] NCCL INFO sendConnect ncclProxyCallAsync opId=0x7f7dc0088788
node3:1858:2082 [0] NCCL INFO recvConnect ncclProxyCallAsync opId=0x7f7dc0088298 &recv->proxyConn=0x7f7dc00882a0 connectInfo=0x7f7dc008daf0
node3:1858:2083 [0] NCCL INFO transport/net.cc:745 Cuda Host Alloc Size 9641984 pointer 0x7f7e33800000
node3:1858:2083 [0] NCCL INFO proxyProgressAsync opId=0x7f7dc0073588 op.type=4 op.reqBuff=0x7f7db801e000 op.respSize=21040 done
node3:1858:2082 [0] NCCL INFO ncclPollProxyResponse Received new opId=0x7f7dc0073588
node3:1858:2083 [0] NCCL INFO Received and initiated operation=Connect res=0
node3:1858:2082 [0] NCCL INFO resp.opId=0x7f7dc0073588 matches expected opId=0x7f7dc0073588
node3:1858:2082 [0] NCCL INFO sendConnect ncclPollProxyResponse opId=0x7f7dc0073588
node3:1858:2083 [0] NCCL INFO transport/net.cc:894 Cuda Host Alloc Size 9641984 pointer 0x7f7e34200000
node3:1858:2083 [0] NCCL INFO proxyProgressAsync opId=0x7f7dc0073098 op.type=4 op.reqBuff=0x7f7db801e0d0 op.respSize=21040 done
node3:1858:2082 [0] NCCL INFO ncclPollProxyResponse Received new opId=0x7f7dc0073098
node3:1858:2083 [0] NCCL INFO Received and initiated operation=Connect res=0
node3:1858:2082 [0] NCCL INFO resp.opId=0x7f7dc0073098 matches expected opId=0x7f7dc0073098
node3:1858:2082 [0] NCCL INFO recvConnect ncclPollProxyResponse opId=0x7f7dc0073098
node3:1858:2083 [0] NCCL INFO transport/net.cc:745 Cuda Host Alloc Size 9641984 pointer 0x7f7e34c00000
node3:1858:2083 [0] NCCL INFO proxyProgressAsync opId=0x7f7dc0088788 op.type=4 op.reqBuff=0x7f7db801f060 op.respSize=21040 done
node3:1858:2082 [0] NCCL INFO ncclPollProxyResponse Received new opId=0x7f7dc0088788
node3:1858:2083 [0] NCCL INFO Received and initiated operation=Connect res=0
node3:1858:2082 [0] NCCL INFO Queuing opId=0x7f7dc0088788 respBuff=0x7f7dc0094db0 respSize=21040
node3:1858:2082 [0] NCCL INFO ncclPollProxyResponse Dequeued cached opId=0x7f7dc0088788
node3:1858:2082 [0] NCCL INFO sendConnect ncclPollProxyResponse opId=0x7f7dc0088788
node3:1858:2083 [0] NCCL INFO transport/net.cc:894 Cuda Host Alloc Size 9641984 pointer 0x7f7e35600000
node3:1858:2083 [0] NCCL INFO proxyProgressAsync opId=0x7f7dc0088298 op.type=4 op.reqBuff=0x7f7db801ffe0 op.respSize=21040 done
node3:1858:2082 [0] NCCL INFO ncclPollProxyResponse Received new opId=0x7f7dc0088298
node3:1858:2083 [0] NCCL INFO Received and initiated operation=Connect res=0
node3:1858:2082 [0] NCCL INFO resp.opId=0x7f7dc0088298 matches expected opId=0x7f7dc0088298
node3:1858:2082 [0] NCCL INFO recvConnect ncclPollProxyResponse opId=0x7f7dc0088298
node3:1858:2082 [0] NCCL INFO Connected all rings
node3:1858:2083 [0] NCCL INFO New proxy recv connection 4 from local rank 0, transport 2
node3:1858:2083 [0] NCCL INFO proxyProgressAsync opId=0x7f7dc006fce0 op.type=1 op.reqBuff=0x7f7db801ffe0 op.respSize=16 done
node3:1858:2082 [0] NCCL INFO ncclPollProxyResponse Received new opId=0x7f7dc006fce0
node3:1858:2083 [0] NCCL INFO Received and initiated operation=Init res=0
node3:1858:2082 [0] NCCL INFO resp.opId=0x7f7dc006fce0 matches expected opId=0x7f7dc006fce0
node3:1858:2082 [0] NCCL INFO Connected to proxy localRank 0 -> connection 0x7f7db8005120
node3:1858:2083 [0] NCCL INFO proxyProgressAsync opId=0x7f7dc006fce0 op.type=3 op.reqBuff=0x7f7db8020f90 op.respSize=128 done
node3:1858:2082 [0] NCCL INFO ncclPollProxyResponse Received new opId=0x7f7dc006fce0
node3:1858:2083 [0] NCCL INFO Received and initiated operation=Setup res=0
node3:1858:2082 [0] NCCL INFO resp.opId=0x7f7dc006fce0 matches expected opId=0x7f7dc006fce0
node3:1858:2082 [0] NCCL INFO Channel 00/0 : 0[0] -> 2[0] [receive] via NET/Socket/0
node3:1858:2083 [0] NCCL INFO New proxy send connection 5 from local rank 0, transport 2
node3:1858:2083 [0] NCCL INFO proxyProgressAsync opId=0x7f7dc006fce0 op.type=1 op.reqBuff=0x7f7db8020f70 op.respSize=16 done
node3:1858:2082 [0] NCCL INFO ncclPollProxyResponse Received new opId=0x7f7dc006fce0
node3:1858:2083 [0] NCCL INFO Received and initiated operation=Init res=0
node3:1858:2082 [0] NCCL INFO resp.opId=0x7f7dc006fce0 matches expected opId=0x7f7dc006fce0
node3:1858:2082 [0] NCCL INFO Connected to proxy localRank 0 -> connection 0x7f7db8005198
node3:1858:2083 [0] NCCL INFO proxyProgressAsync opId=0x7f7dc006fce0 op.type=3 op.reqBuff=0x7f7db80210e0 op.respSize=0 done
node3:1858:2083 [0] NCCL INFO Received and initiated operation=Setup res=0
node3:1858:2082 [0] NCCL INFO ncclPollProxyResponse Received new opId=0x7f7dc006fce0
node3:1858:2082 [0] NCCL INFO resp.opId=0x7f7dc006fce0 matches expected opId=0x7f7dc006fce0
node3:1858:2082 [0] NCCL INFO Channel 00/0 : 2[0] -> 0[0] [send] via NET/Socket/0
node3:1858:2083 [0] NCCL INFO New proxy recv connection 6 from local rank 0, transport 2
node3:1858:2083 [0] NCCL INFO proxyProgressAsync opId=0x7f7dc006fce0 op.type=1 op.reqBuff=0x7f7db801ffe0 op.respSize=16 done
node3:1858:2082 [0] NCCL INFO ncclPollProxyResponse Received new opId=0x7f7dc006fce0
node3:1858:2083 [0] NCCL INFO Received and initiated operation=Init res=0
node3:1858:2082 [0] NCCL INFO resp.opId=0x7f7dc006fce0 matches expected opId=0x7f7dc006fce0
node3:1858:2082 [0] NCCL INFO Connected to proxy localRank 0 -> connection 0x7f7db8005210
node3:1858:2083 [0] NCCL INFO proxyProgressAsync opId=0x7f7dc006fce0 op.type=3 op.reqBuff=0x7f7db8021110 op.respSize=128 done
node3:1858:2082 [0] NCCL INFO ncclPollProxyResponse Received new opId=0x7f7dc006fce0
node3:1858:2083 [0] NCCL INFO Received and initiated operation=Setup res=0
node3:1858:2082 [0] NCCL INFO resp.opId=0x7f7dc006fce0 matches expected opId=0x7f7dc006fce0
node3:1858:2082 [0] NCCL INFO Channel 00/0 : 3[0] -> 2[0] [receive] via NET/Socket/0
node3:1858:2083 [0] NCCL INFO New proxy send connection 7 from local rank 0, transport 2
node3:1858:2083 [0] NCCL INFO proxyProgressAsync opId=0x7f7dc006fce0 op.type=1 op.reqBuff=0x7f7db8020f70 op.respSize=16 done
node3:1858:2082 [0] NCCL INFO ncclPollProxyResponse Received new opId=0x7f7dc006fce0
node3:1858:2083 [0] NCCL INFO Received and initiated operation=Init res=0
node3:1858:2082 [0] NCCL INFO resp.opId=0x7f7dc006fce0 matches expected opId=0x7f7dc006fce0
node3:1858:2082 [0] NCCL INFO Connected to proxy localRank 0 -> connection 0x7f7db8005288
node3:1858:2083 [0] NCCL INFO proxyProgressAsync opId=0x7f7dc006fce0 op.type=3 op.reqBuff=0x7f7db8021140 op.respSize=0 done
node3:1858:2083 [0] NCCL INFO Received and initiated operation=Setup res=0
node3:1858:2082 [0] NCCL INFO ncclPollProxyResponse Received new opId=0x7f7dc006fce0
node3:1858:2082 [0] NCCL INFO resp.opId=0x7f7dc006fce0 matches expected opId=0x7f7dc006fce0
node3:1858:2082 [0] NCCL INFO Channel 00/0 : 2[0] -> 1[0] [send] via NET/Socket/0
node3:1858:2083 [0] NCCL INFO New proxy send connection 8 from local rank 0, transport 2
node3:1858:2083 [0] NCCL INFO proxyProgressAsync opId=0x7f7dc006fce0 op.type=1 op.reqBuff=0x7f7db801ffe0 op.respSize=16 done
node3:1858:2082 [0] NCCL INFO ncclPollProxyResponse Received new opId=0x7f7dc006fce0
node3:1858:2083 [0] NCCL INFO Received and initiated operation=Init res=0
node3:1858:2082 [0] NCCL INFO resp.opId=0x7f7dc006fce0 matches expected opId=0x7f7dc006fce0
node3:1858:2082 [0] NCCL INFO Connected to proxy localRank 0 -> connection 0x7f7db8005300
node3:1858:2083 [0] NCCL INFO proxyProgressAsync opId=0x7f7dc006fce0 op.type=3 op.reqBuff=0x7f7db8021140 op.respSize=0 done
node3:1858:2083 [0] NCCL INFO Received and initiated operation=Setup res=0
node3:1858:2082 [0] NCCL INFO ncclPollProxyResponse Received new opId=0x7f7dc006fce0
node3:1858:2082 [0] NCCL INFO resp.opId=0x7f7dc006fce0 matches expected opId=0x7f7dc006fce0
node3:1858:2082 [0] NCCL INFO Channel 01/0 : 2[0] -> 1[0] [send] via NET/Socket/0
node3:1858:2082 [0] NCCL INFO sendConnect ncclProxyCallAsync opId=0x7f7dc0072bb0
node3:1858:2082 [0] NCCL INFO recvConnect ncclProxyCallAsync opId=0x7f7dc0072d50 &recv->proxyConn=0x7f7dc0072d58 connectInfo=0x7f7dc0094e30
node3:1858:2082 [0] NCCL INFO sendConnect ncclProxyCallAsync opId=0x7f7dc0072ef8
node3:1858:2082 [0] NCCL INFO recvConnect ncclProxyCallAsync opId=0x7f7dc0073728 &recv->proxyConn=0x7f7dc0073730 connectInfo=0x7f7dc0096dc0
node3:1858:2082 [0] NCCL INFO sendConnect ncclProxyCallAsync opId=0x7f7dc00880f8
node3:1858:2083 [0] NCCL INFO transport/net.cc:745 Cuda Host Alloc Size 9641984 pointer 0x7f7e36000000
node3:1858:2083 [0] NCCL INFO proxyProgressAsync opId=0x7f7dc0072bb0 op.type=4 op.reqBuff=0x7f7db8021260 op.respSize=21040 done
node3:1858:2082 [0] NCCL INFO ncclPollProxyResponse Received new opId=0x7f7dc0072bb0
node3:1858:2083 [0] NCCL INFO Received and initiated operation=Connect res=0
node3:1858:2082 [0] NCCL INFO Queuing opId=0x7f7dc0072bb0 respBuff=0x7f7dc00dcd90 respSize=21040
node3:1858:2082 [0] NCCL INFO ncclPollProxyResponse Dequeued cached opId=0x7f7dc0072bb0
node3:1858:2082 [0] NCCL INFO sendConnect ncclPollProxyResponse opId=0x7f7dc0072bb0
node3:1858:2083 [0] NCCL INFO transport/net.cc:894 Cuda Host Alloc Size 9641984 pointer 0x7f7e36a00000
node3:1858:2083 [0] NCCL INFO proxyProgressAsync opId=0x7f7dc0072d50 op.type=4 op.reqBuff=0x7f7db80212a0 op.respSize=21040 done
node3:1858:2082 [0] NCCL INFO ncclPollProxyResponse Received new opId=0x7f7dc0072d50
node3:1858:2082 [0] NCCL INFO resp.opId=0x7f7dc0072d50 matches expected opId=0x7f7dc0072d50
node3:1858:2082 [0] NCCL INFO recvConnect ncclPollProxyResponse opId=0x7f7dc0072d50
node3:1858:2083 [0] NCCL INFO Received and initiated operation=Connect res=0
node3:1858:2083 [0] NCCL INFO transport/net.cc:745 Cuda Host Alloc Size 9641984 pointer 0x7f7e4b400000
node3:1858:2083 [0] NCCL INFO proxyProgressAsync opId=0x7f7dc0072ef8 op.type=4 op.reqBuff=0x7f7db8022fd0 op.respSize=21040 done
node3:1858:2082 [0] NCCL INFO ncclPollProxyResponse Received new opId=0x7f7dc0072ef8
node3:1858:2082 [0] NCCL INFO Queuing opId=0x7f7dc0072ef8 respBuff=0x7f7dc009f230 respSize=21040
node3:1858:2083 [0] NCCL INFO Received and initiated operation=Connect res=0
node3:1858:2082 [0] NCCL INFO ncclPollProxyResponse Dequeued cached opId=0x7f7dc0072ef8
node3:1858:2082 [0] NCCL INFO sendConnect ncclPollProxyResponse opId=0x7f7dc0072ef8
node3:1858:2083 [0] NCCL INFO transport/net.cc:894 Cuda Host Alloc Size 9641984 pointer 0x7f7e4be00000
node3:1858:2083 [0] NCCL INFO proxyProgressAsync opId=0x7f7dc0073728 op.type=4 op.reqBuff=0x7f7db8023010 op.respSize=21040 done
node3:1858:2082 [0] NCCL INFO ncclPollProxyResponse Received new opId=0x7f7dc0073728
node3:1858:2083 [0] NCCL INFO Received and initiated operation=Connect res=0
node3:1858:2082 [0] NCCL INFO resp.opId=0x7f7dc0073728 matches expected opId=0x7f7dc0073728
node3:1858:2082 [0] NCCL INFO recvConnect ncclPollProxyResponse opId=0x7f7dc0073728
node3:1858:2083 [0] NCCL INFO transport/net.cc:745 Cuda Host Alloc Size 9641984 pointer 0x7f7e4c800000
node3:1858:2083 [0] NCCL INFO proxyProgressAsync opId=0x7f7dc00880f8 op.type=4 op.reqBuff=0x7f7db802a6a0 op.respSize=21040 done
node3:1858:2082 [0] NCCL INFO ncclPollProxyResponse Received new opId=0x7f7dc00880f8
node3:1858:2082 [0] NCCL INFO resp.opId=0x7f7dc00880f8 matches expected opId=0x7f7dc00880f8
node3:1858:2082 [0] NCCL INFO sendConnect ncclPollProxyResponse opId=0x7f7dc00880f8
node3:1858:2083 [0] NCCL INFO Received and initiated operation=Connect res=0
node3:1858:2082 [0] NCCL INFO Connected all trees
node3:1858:2082 [0] NCCL INFO threadThresholds 8/8/64 | 32/8/64 | 512 | 512
node3:1858:2082 [0] NCCL INFO 2 coll channels, 2 collnet channels, 0 nvls channels, 2 p2p channels, 2 p2p channels per peer
node3:1858:2083 [0] NCCL INFO New proxy send connection 9 from local rank 0, transport 2
node3:1858:2083 [0] NCCL INFO proxyProgressAsync opId=0x7f7dc006fce0 op.type=1 op.reqBuff=0x7f7db802a6e0 op.respSize=16 done
node3:1858:2082 [0] NCCL INFO ncclPollProxyResponse Received new opId=0x7f7dc006fce0
node3:1858:2083 [0] NCCL INFO Received and initiated operation=Init res=0
node3:1858:2082 [0] NCCL INFO resp.opId=0x7f7dc006fce0 matches expected opId=0x7f7dc006fce0
node3:1858:2082 [0] NCCL INFO Connected to proxy localRank 0 -> connection 0x7f7db8005378
node3:1858:2083 [0] NCCL INFO Allocated shareable buffer 0x7f7e4d200000 size 4194304 ipcDesc 0x7f7db802b5f8
node3:1858:2083 [0] NCCL INFO proxyProgressAsync opId=0x7f7dc006fce0 op.type=2 op.reqBuff=0x7f7db802a6e0 op.respSize=0 done
node3:1858:2083 [0] NCCL INFO Received and initiated operation=SharedInit res=0
node3:1858:2082 [0] NCCL INFO ncclPollProxyResponse Received new opId=0x7f7dc006fce0
node3:1858:2082 [0] NCCL INFO resp.opId=0x7f7dc006fce0 matches expected opId=0x7f7dc006fce0
node3:1858:2082 [0] NCCL INFO init.cc:402 Cuda Alloc Size 11856 pointer 0x7f7e37400000
node3:1858:2082 [0] NCCL INFO init.cc:430 Cuda Host Alloc Size 33554432 pointer 0x7f7dae000000
node3:1858:2082 [0] NCCL INFO init.cc:436 Cuda Host Alloc Size 128 pointer 0x7f7e4f000800
node3:1858:2082 [0] NCCL INFO ncclCommSplit comm 0x55b292044560 rank 2 nranks 4 cudaDev 0 nvmlDev 0 busId 25000 parent 0x55b28d73d430 color 116666945 key 2 commId 0xd498cd245808c6dd - Init COMPLETE
node3:1858:1858 [0] NCCL INFO Broadcast: opCount 0 sendbuff 0x7f7e329c9600 recvbuff 0x7f7e329c9600 count 32768 datatype 0 op 0 root 0 comm 0x55b292044560 [nranks=4] stream 0x55b28dce0f40
